// Vitest Snapshot v1, https://vitest.dev/guide/snapshot.html

exports[`UserStatus > snapshot 1`] = `
<DocumentFragment>
  <div
    class="flex gap-2 items-center justify-end"
  >
    <p
      class="flex gap-1 items-center"
    >
      <span
        class="font-bold"
      >
        john doe
      </span>
      <span>
        でログインしています
      </span>
    </p>
    <button
      class="disabled:shr-cursor-not-allowed disabled:shr-bg-clip-padding [&_.smarthr-ui-Icon]:forced-colors:disabled:shr-fill-[GrayText] shr-box-border shr-cursor-pointer shr-inline-flex shr-justify-center shr-items-center shr-gap-0.5 shr-text-center shr-whitespace-nowrap shr-rounded-m shr-border-shorthand shr-font-inherit shr-font-bold shr-leading-none focus-visible:shr-focus-indicator contrast-more:shr-border-high-contrast [&_.smarthr-ui-Icon]:shr-block [&_svg]:shr-block shr-text-base shr-px-1 shr-py-0.75 shr-border-default shr-bg-white shr-text-black focus-visible:shr-border-darken focus-visible:shr-bg-white-darken focus-visible:constrast-more:shr-border-high-contrast hover:shr-border-darken hover:shr-bg-white-darken hover:constrast-more:shr-border-high-contrast disabled:shr-border-disabled disabled:shr-bg-white-darken disabled:shr-text-disabled smarthr-ui-Button"
      type="button"
    >
      <span
        class="shr-min-w-0"
      >
        サインアウト
      </span>
    </button>
  </div>
</DocumentFragment>
`;
